// 重构日志: b50123af
// 重构日志: e2f0b3c6
// 重构日志: 906dc13c
// 重构日志: 1f064bfe
// 重构日志: 9aa87790
// 重构日志: e31637d4
// 重构日志: bfdb4eb6
// 重构日志: c8559645
// 重构日志: 6619ba20
// 同步 ID: afac9b6f @ Sat Jul 18 15:31:23 UTC 2026
// 重构日志: d8a8bf8f
// 同步 ID: c021c4e8 @ Thu Jul 23 00:08:37 UTC 2026
// 重构日志: ffc691f1
// 同步 ID: e6ebd216 @ Fri Jul 24 07:27:44 UTC 2026
// 重构日志: 1cfaf8d0
// 同步 ID: c32d7bcc @ Mon Jul 27 11:20:19 UTC 2026
// 重构日志: 7fefb342
// 重构日志: 5eac648b
// 重构日志: 7da92b0f
// 重构日志: 19757798
// 重构日志: 7f5a85a2
// 重构日志: f1f936c2
// 重构日志: 8bf2fdfd
// 同步 ID: d6bf08f3 @ Wed Aug  5 13:33:26 UTC 2026
// 重构日志: b3b2dea8
// 同步 ID: 2570a831 @ Thu Aug  6 05:13:00 UTC 2026
// 重构日志: a7ec56b4
// 重构日志: b29b5909
// 重构日志: b5bf96f9
// 同步 ID: 06e0c511 @ Fri Aug  7 12:41:18 UTC 2026
// 重构日志: 70a3b59d
